// Vitest Snapshot v1, https://vitest.dev/guide/snapshot.html

exports[`loadLumeConfig snapshots > locks the full Lume runner manifest 1`] = `
{
  "host": {
    "baseDir": "/Users/tester/Library/Application Support/github-runner-fleet/lume",
    "configPath": "<fixture>/lume-runners.yaml",
    "envFile": "/Users/tester/Library/Application Support/github-runner-fleet/lume/runner.env",
    "ipswPath": "/Users/tester/Library/Application Support/github-runner-fleet/lume/cache/latest.ipsw",
    "reconcileStateFile": "/Users/tester/Library/Application Support/github-runner-fleet/lume/reconcile-state.json",
  },
  "pool": {
    "cpu": 6,
    "diskSize": "80GB",
    "guestPassword": "fake-password",
    "guestRunnerRoot": "/Users/lume/actions-runner",
    "guestUser": "lume",
    "guestWorkRoot": "/Users/lume/actions-runner/_work",
    "imageTag": "macos-15.4-xcode-16.3",
    "key": "macos-private",
    "labels": [
      "self-hosted",
      "macos",
      "arm64",
      "private",
      "gpu",
    ],
    "memory": "14GB",
    "network": "shared",
    "organization": "example",
    "runnerGroup": "macos-private",
    "runnerVersion": "2.333.0",
    "size": 2,
    "storage": "/Users/tester/.lume",
    "vmBaseName": "macos-runner-base",
    "vmSlotPrefix": "macos-runner-slot",
  },
  "slots": [
    {
      "guestBootstrapPath": "/tmp/github-runner-fleet/macos-runner-bootstrap.sh",
      "guestEnvPath": "/tmp/github-runner-fleet/runner.env",
      "guestHelperPath": "/tmp/github-runner-fleet/github-runner-common.sh",
      "guestStageDir": "/tmp/github-runner-fleet",
      "hostDir": "/Users/tester/Library/Application Support/github-runner-fleet/lume/slots/slot-01",
      "index": 1,
      "runnerLabels": "self-hosted,macos,arm64,private,gpu",
      "runnerName": "macos-runner-slot-01",
      "slotKey": "slot-01",
      "vmLogFile": "/Users/tester/Library/Application Support/github-runner-fleet/lume/logs/slot-01-vm.log",
      "vmName": "macos-runner-slot-01",
      "vmPidFile": "/Users/tester/Library/Application Support/github-runner-fleet/lume/slots/slot-01/vm.pid",
      "workerLogFile": "/Users/tester/Library/Application Support/github-runner-fleet/lume/logs/slot-01.log",
      "workerPidFile": "/Users/tester/Library/Application Support/github-runner-fleet/lume/slots/slot-01/worker.pid",
    },
    {
      "guestBootstrapPath": "/tmp/github-runner-fleet/macos-runner-bootstrap.sh",
      "guestEnvPath": "/tmp/github-runner-fleet/runner.env",
      "guestHelperPath": "/tmp/github-runner-fleet/github-runner-common.sh",
      "guestStageDir": "/tmp/github-runner-fleet",
      "hostDir": "/Users/tester/Library/Application Support/github-runner-fleet/lume/slots/slot-02",
      "index": 2,
      "runnerLabels": "self-hosted,macos,arm64,private,gpu",
      "runnerName": "macos-runner-slot-02",
      "slotKey": "slot-02",
      "vmLogFile": "/Users/tester/Library/Application Support/github-runner-fleet/lume/logs/slot-02-vm.log",
      "vmName": "macos-runner-slot-02",
      "vmPidFile": "/Users/tester/Library/Application Support/github-runner-fleet/lume/slots/slot-02/vm.pid",
      "workerLogFile": "/Users/tester/Library/Application Support/github-runner-fleet/lume/logs/slot-02.log",
      "workerPidFile": "/Users/tester/Library/Application Support/github-runner-fleet/lume/slots/slot-02/worker.pid",
    },
  ],
  "version": 1,
}
`;
